Protein name: Gag_p17
MSA file: /n/groups/marks/users/sunny/tcr/alignments/HIV_NL4-3_Gag/HIV_NL4-3_Gag_p17_combined_alignment.fasta
Theta MSA re-weighting: 0.01
Sequence (fragment) gap threshold: 0.5
Focus column gap threshold: 0.5
seed: 1000
Proportion of sequences dropped due to fraction of gaps: 0.0%
Proportion of non-focus columns removed: 0.0%
Encoding sequences
Computing sequence weights
Neff = 18241.44659835979
Data Shape = (68434, 132, 20)
Model name: Gag_p17_theta_0.01_26sept25
Starting to train model: Gag_p17_theta_0.01_26sept25
|Train : Update 1000. Negative ELBO : 3286.843, BCE: 137.645, KLD_latent: 3.524, KLD_decoder_params_norm: 3145.674, Time: 25.17 |
|Train : Update 2000. Negative ELBO : 3253.132, BCE: 137.527, KLD_latent: 3.619, KLD_decoder_params_norm: 3111.986, Time: 46.65 |
|Train : Update 3000. Negative ELBO : 3218.765, BCE: 137.192, KLD_latent: 3.724, KLD_decoder_params_norm: 3077.849, Time: 68.07 |
|Train : Update 4000. Negative ELBO : 3181.288, BCE: 134.202, KLD_latent: 3.622, KLD_decoder_params_norm: 3043.464, Time: 89.50 |
|Train : Update 5000. Negative ELBO : 3147.632, BCE: 134.585, KLD_latent: 4.094, KLD_decoder_params_norm: 3008.953, Time: 110.90 |
|Train : Update 6000. Negative ELBO : 3110.535, BCE: 132.168, KLD_latent: 3.974, KLD_decoder_params_norm: 2974.393, Time: 132.31 |
|Train : Update 7000. Negative ELBO : 3078.288, BCE: 133.943, KLD_latent: 4.515, KLD_decoder_params_norm: 2939.829, Time: 153.72 |
|Train : Update 8000. Negative ELBO : 3043.102, BCE: 133.520, KLD_latent: 4.296, KLD_decoder_params_norm: 2905.287, Time: 175.09 |
|Train : Update 9000. Negative ELBO : 3010.242, BCE: 135.196, KLD_latent: 4.269, KLD_decoder_params_norm: 2870.778, Time: 196.55 |
|Train : Update 10000. Negative ELBO : 2972.740, BCE: 131.994, KLD_latent: 4.437, KLD_decoder_params_norm: 2836.308, Time: 217.96 |
|Train : Update 11000. Negative ELBO : 2938.164, BCE: 131.641, KLD_latent: 4.633, KLD_decoder_params_norm: 2801.890, Time: 239.33 |
|Train : Update 12000. Negative ELBO : 2905.470, BCE: 133.051, KLD_latent: 4.891, KLD_decoder_params_norm: 2767.528, Time: 260.68 |
|Train : Update 13000. Negative ELBO : 2867.151, BCE: 129.501, KLD_latent: 4.427, KLD_decoder_params_norm: 2733.223, Time: 282.00 |
|Train : Update 14000. Negative ELBO : 2836.566, BCE: 132.551, KLD_latent: 5.035, KLD_decoder_params_norm: 2698.981, Time: 303.33 |
|Train : Update 15000. Negative ELBO : 2799.634, BCE: 129.854, KLD_latent: 4.980, KLD_decoder_params_norm: 2664.800, Time: 324.68 |
|Train : Update 16000. Negative ELBO : 2766.135, BCE: 130.566, KLD_latent: 4.885, KLD_decoder_params_norm: 2630.685, Time: 346.01 |
|Train : Update 17000. Negative ELBO : 2732.495, BCE: 130.879, KLD_latent: 4.979, KLD_decoder_params_norm: 2596.638, Time: 367.33 |
|Train : Update 18000. Negative ELBO : 2697.665, BCE: 129.987, KLD_latent: 5.014, KLD_decoder_params_norm: 2562.665, Time: 388.68 |
|Train : Update 19000. Negative ELBO : 2664.338, BCE: 130.527, KLD_latent: 5.043, KLD_decoder_params_norm: 2528.767, Time: 410.01 |
|Train : Update 20000. Negative ELBO : 2631.854, BCE: 131.495, KLD_latent: 5.419, KLD_decoder_params_norm: 2494.940, Time: 431.36 |
|Train : Update 21000. Negative ELBO : 2595.814, BCE: 129.358, KLD_latent: 5.263, KLD_decoder_params_norm: 2461.192, Time: 452.68 |
|Train : Update 22000. Negative ELBO : 2562.219, BCE: 129.234, KLD_latent: 5.464, KLD_decoder_params_norm: 2427.520, Time: 474.02 |
|Train : Update 23000. Negative ELBO : 2528.528, BCE: 128.969, KLD_latent: 5.632, KLD_decoder_params_norm: 2393.927, Time: 495.37 |
|Train : Update 24000. Negative ELBO : 2494.887, BCE: 129.107, KLD_latent: 5.372, KLD_decoder_params_norm: 2360.408, Time: 516.74 |
|Train : Update 25000. Negative ELBO : 2462.715, BCE: 130.261, KLD_latent: 5.488, KLD_decoder_params_norm: 2326.967, Time: 538.09 |
|Train : Update 26000. Negative ELBO : 2427.758, BCE: 128.573, KLD_latent: 5.591, KLD_decoder_params_norm: 2293.595, Time: 559.43 |
|Train : Update 27000. Negative ELBO : 2395.832, BCE: 130.123, KLD_latent: 5.408, KLD_decoder_params_norm: 2260.301, Time: 580.79 |
|Train : Update 28000. Negative ELBO : 2362.055, BCE: 129.149, KLD_latent: 5.826, KLD_decoder_params_norm: 2227.081, Time: 602.14 |
|Train : Update 29000. Negative ELBO : 2330.460, BCE: 130.924, KLD_latent: 5.602, KLD_decoder_params_norm: 2193.934, Time: 623.49 |
|Train : Update 30000. Negative ELBO : 2295.524, BCE: 129.010, KLD_latent: 5.654, KLD_decoder_params_norm: 2160.861, Time: 644.83 |
|Train : Update 31000. Negative ELBO : 2263.597, BCE: 129.992, KLD_latent: 5.750, KLD_decoder_params_norm: 2127.856, Time: 666.17 |
|Train : Update 32000. Negative ELBO : 2228.361, BCE: 127.872, KLD_latent: 5.565, KLD_decoder_params_norm: 2094.924, Time: 687.55 |
|Train : Update 33000. Negative ELBO : 2196.669, BCE: 128.637, KLD_latent: 5.963, KLD_decoder_params_norm: 2062.069, Time: 708.97 |
|Train : Update 34000. Negative ELBO : 2163.769, BCE: 128.709, KLD_latent: 5.777, KLD_decoder_params_norm: 2029.283, Time: 730.40 |
|Train : Update 35000. Negative ELBO : 2132.225, BCE: 129.945, KLD_latent: 5.714, KLD_decoder_params_norm: 1996.566, Time: 751.74 |
|Train : Update 36000. Negative ELBO : 2095.526, BCE: 125.881, KLD_latent: 5.726, KLD_decoder_params_norm: 1963.920, Time: 773.09 |
|Train : Update 37000. Negative ELBO : 2063.949, BCE: 126.912, KLD_latent: 5.686, KLD_decoder_params_norm: 1931.351, Time: 794.44 |
|Train : Update 38000. Negative ELBO : 2032.798, BCE: 127.921, KLD_latent: 6.030, KLD_decoder_params_norm: 1898.846, Time: 815.79 |
|Train : Update 39000. Negative ELBO : 2001.554, BCE: 129.276, KLD_latent: 5.859, KLD_decoder_params_norm: 1866.418, Time: 837.14 |
|Train : Update 40000. Negative ELBO : 1969.035, BCE: 128.906, KLD_latent: 6.070, KLD_decoder_params_norm: 1834.058, Time: 858.51 |
|Train : Update 41000. Negative ELBO : 1934.584, BCE: 127.043, KLD_latent: 5.775, KLD_decoder_params_norm: 1801.766, Time: 879.90 |
|Train : Update 42000. Negative ELBO : 1903.612, BCE: 127.926, KLD_latent: 6.147, KLD_decoder_params_norm: 1769.539, Time: 901.25 |
|Train : Update 43000. Negative ELBO : 1870.183, BCE: 126.780, KLD_latent: 6.017, KLD_decoder_params_norm: 1737.386, Time: 922.62 |
|Train : Update 44000. Negative ELBO : 1839.100, BCE: 127.630, KLD_latent: 6.169, KLD_decoder_params_norm: 1705.301, Time: 943.97 |
|Train : Update 45000. Negative ELBO : 1806.428, BCE: 127.108, KLD_latent: 6.032, KLD_decoder_params_norm: 1673.287, Time: 965.31 |
|Train : Update 46000. Negative ELBO : 1776.765, BCE: 129.806, KLD_latent: 5.609, KLD_decoder_params_norm: 1641.350, Time: 986.68 |
|Train : Update 47000. Negative ELBO : 1743.327, BCE: 127.828, KLD_latent: 6.015, KLD_decoder_params_norm: 1609.484, Time: 1008.03 |
|Train : Update 48000. Negative ELBO : 1711.834, BCE: 127.933, KLD_latent: 6.202, KLD_decoder_params_norm: 1577.700, Time: 1029.43 |
|Train : Update 49000. Negative ELBO : 1680.129, BCE: 127.939, KLD_latent: 6.204, KLD_decoder_params_norm: 1545.986, Time: 1050.88 |
|Train : Update 50000. Negative ELBO : 1648.741, BCE: 128.337, KLD_latent: 6.056, KLD_decoder_params_norm: 1514.347, Time: 1072.23 |
|Train : Update 51000. Negative ELBO : 1619.004, BCE: 129.874, KLD_latent: 6.353, KLD_decoder_params_norm: 1482.777, Time: 1093.55 |
|Train : Update 52000. Negative ELBO : 1585.169, BCE: 127.849, KLD_latent: 6.034, KLD_decoder_params_norm: 1451.286, Time: 1114.89 |
|Train : Update 53000. Negative ELBO : 1554.735, BCE: 128.939, KLD_latent: 5.929, KLD_decoder_params_norm: 1419.866, Time: 1136.23 |
|Train : Update 54000. Negative ELBO : 1520.894, BCE: 126.338, KLD_latent: 6.013, KLD_decoder_params_norm: 1388.543, Time: 1157.58 |
|Train : Update 55000. Negative ELBO : 1491.342, BCE: 128.020, KLD_latent: 6.013, KLD_decoder_params_norm: 1357.309, Time: 1178.92 |
|Train : Update 56000. Negative ELBO : 1460.964, BCE: 128.462, KLD_latent: 6.344, KLD_decoder_params_norm: 1326.158, Time: 1200.27 |
|Train : Update 57000. Negative ELBO : 1428.755, BCE: 127.573, KLD_latent: 6.101, KLD_decoder_params_norm: 1295.081, Time: 1221.60 |
|Train : Update 58000. Negative ELBO : 1398.826, BCE: 128.381, KLD_latent: 6.355, KLD_decoder_params_norm: 1264.091, Time: 1242.94 |
|Train : Update 59000. Negative ELBO : 1365.432, BCE: 126.086, KLD_latent: 6.138, KLD_decoder_params_norm: 1233.208, Time: 1264.28 |
|Train : Update 60000. Negative ELBO : 1337.188, BCE: 128.388, KLD_latent: 6.373, KLD_decoder_params_norm: 1202.427, Time: 1285.62 |
|Train : Update 61000. Negative ELBO : 1307.307, BCE: 129.551, KLD_latent: 6.002, KLD_decoder_params_norm: 1171.754, Time: 1306.97 |
|Train : Update 62000. Negative ELBO : 1276.273, BCE: 128.994, KLD_latent: 6.080, KLD_decoder_params_norm: 1141.200, Time: 1328.33 |
|Train : Update 63000. Negative ELBO : 1246.268, BCE: 129.131, KLD_latent: 6.368, KLD_decoder_params_norm: 1110.769, Time: 1349.70 |
|Train : Update 64000. Negative ELBO : 1215.277, BCE: 128.415, KLD_latent: 6.406, KLD_decoder_params_norm: 1080.456, Time: 1371.08 |
|Train : Update 65000. Negative ELBO : 1185.627, BCE: 129.150, KLD_latent: 6.195, KLD_decoder_params_norm: 1050.282, Time: 1392.37 |
|Train : Update 66000. Negative ELBO : 1156.845, BCE: 130.156, KLD_latent: 6.438, KLD_decoder_params_norm: 1020.251, Time: 1413.69 |
|Train : Update 67000. Negative ELBO : 1124.575, BCE: 127.921, KLD_latent: 6.281, KLD_decoder_params_norm: 990.373, Time: 1434.99 |
|Train : Update 68000. Negative ELBO : 1093.543, BCE: 126.735, KLD_latent: 6.136, KLD_decoder_params_norm: 960.672, Time: 1456.29 |
|Train : Update 69000. Negative ELBO : 1065.794, BCE: 128.616, KLD_latent: 6.035, KLD_decoder_params_norm: 931.143, Time: 1477.60 |
|Train : Update 70000. Negative ELBO : 1036.042, BCE: 128.203, KLD_latent: 6.045, KLD_decoder_params_norm: 901.795, Time: 1498.91 |
|Train : Update 71000. Negative ELBO : 1007.422, BCE: 128.487, KLD_latent: 6.301, KLD_decoder_params_norm: 872.634, Time: 1520.25 |
|Train : Update 72000. Negative ELBO : 977.043, BCE: 127.255, KLD_latent: 6.113, KLD_decoder_params_norm: 843.675, Time: 1541.64 |
|Train : Update 73000. Negative ELBO : 949.712, BCE: 128.321, KLD_latent: 6.448, KLD_decoder_params_norm: 814.943, Time: 1563.13 |
|Train : Update 74000. Negative ELBO : 922.182, BCE: 129.528, KLD_latent: 6.203, KLD_decoder_params_norm: 786.451, Time: 1584.47 |
|Train : Update 75000. Negative ELBO : 892.235, BCE: 127.981, KLD_latent: 6.051, KLD_decoder_params_norm: 758.204, Time: 1605.81 |
|Train : Update 76000. Negative ELBO : 864.381, BCE: 128.325, KLD_latent: 5.790, KLD_decoder_params_norm: 730.266, Time: 1627.17 |
|Train : Update 77000. Negative ELBO : 838.656, BCE: 129.946, KLD_latent: 6.076, KLD_decoder_params_norm: 702.634, Time: 1648.49 |
|Train : Update 78000. Negative ELBO : 809.397, BCE: 128.151, KLD_latent: 5.943, KLD_decoder_params_norm: 675.302, Time: 1669.82 |
|Train : Update 79000. Negative ELBO : 784.204, BCE: 129.573, KLD_latent: 6.338, KLD_decoder_params_norm: 648.294, Time: 1691.16 |
|Train : Update 80000. Negative ELBO : 756.052, BCE: 128.235, KLD_latent: 6.187, KLD_decoder_params_norm: 621.630, Time: 1712.51 |
|Train : Update 81000. Negative ELBO : 730.234, BCE: 128.833, KLD_latent: 6.051, KLD_decoder_params_norm: 595.350, Time: 1733.85 |
|Train : Update 82000. Negative ELBO : 704.993, BCE: 129.550, KLD_latent: 5.956, KLD_decoder_params_norm: 569.486, Time: 1755.20 |
|Train : Update 83000. Negative ELBO : 678.401, BCE: 128.674, KLD_latent: 5.644, KLD_decoder_params_norm: 544.082, Time: 1776.55 |
|Train : Update 84000. Negative ELBO : 655.875, BCE: 130.607, KLD_latent: 6.090, KLD_decoder_params_norm: 519.179, Time: 1797.88 |
|Train : Update 85000. Negative ELBO : 632.041, BCE: 130.995, KLD_latent: 6.227, KLD_decoder_params_norm: 494.818, Time: 1819.22 |
|Train : Update 86000. Negative ELBO : 606.312, BCE: 129.198, KLD_latent: 6.096, KLD_decoder_params_norm: 471.018, Time: 1840.56 |
|Train : Update 87000. Negative ELBO : 583.207, BCE: 129.191, KLD_latent: 6.187, KLD_decoder_params_norm: 447.829, Time: 1861.90 |
|Train : Update 88000. Negative ELBO : 561.213, BCE: 129.955, KLD_latent: 5.945, KLD_decoder_params_norm: 425.312, Time: 1883.28 |
|Train : Update 89000. Negative ELBO : 540.026, BCE: 130.375, KLD_latent: 6.170, KLD_decoder_params_norm: 403.481, Time: 1904.66 |
|Train : Update 90000. Negative ELBO : 517.744, BCE: 129.219, KLD_latent: 6.112, KLD_decoder_params_norm: 382.413, Time: 1926.14 |
|Train : Update 91000. Negative ELBO : 496.885, BCE: 128.856, KLD_latent: 5.852, KLD_decoder_params_norm: 362.176, Time: 1947.46 |
|Train : Update 92000. Negative ELBO : 479.460, BCE: 130.475, KLD_latent: 6.175, KLD_decoder_params_norm: 342.811, Time: 1968.79 |
|Train : Update 93000. Negative ELBO : 460.544, BCE: 130.206, KLD_latent: 5.945, KLD_decoder_params_norm: 324.393, Time: 1990.12 |
|Train : Update 94000. Negative ELBO : 443.306, BCE: 130.375, KLD_latent: 5.963, KLD_decoder_params_norm: 306.968, Time: 2011.45 |
|Train : Update 95000. Negative ELBO : 426.492, BCE: 130.050, KLD_latent: 5.835, KLD_decoder_params_norm: 290.607, Time: 2032.78 |
|Train : Update 96000. Negative ELBO : 412.517, BCE: 131.395, KLD_latent: 5.785, KLD_decoder_params_norm: 275.337, Time: 2054.12 |
|Train : Update 97000. Negative ELBO : 397.008, BCE: 129.957, KLD_latent: 5.840, KLD_decoder_params_norm: 261.211, Time: 2075.45 |
|Train : Update 98000. Negative ELBO : 381.580, BCE: 127.393, KLD_latent: 5.902, KLD_decoder_params_norm: 248.285, Time: 2096.79 |
|Train : Update 99000. Negative ELBO : 372.333, BCE: 130.030, KLD_latent: 5.767, KLD_decoder_params_norm: 236.536, Time: 2118.15 |
|Train : Update 100000. Negative ELBO : 362.079, BCE: 130.247, KLD_latent: 5.890, KLD_decoder_params_norm: 225.943, Time: 2139.48 |
|Train : Update 101000. Negative ELBO : 352.794, BCE: 130.382, KLD_latent: 5.957, KLD_decoder_params_norm: 216.455, Time: 2160.83 |
|Train : Update 102000. Negative ELBO : 345.244, BCE: 131.339, KLD_latent: 5.961, KLD_decoder_params_norm: 207.944, Time: 2182.17 |
|Train : Update 103000. Negative ELBO : 336.559, BCE: 130.382, KLD_latent: 5.916, KLD_decoder_params_norm: 200.260, Time: 2203.53 |
|Train : Update 104000. Negative ELBO : 328.838, BCE: 129.953, KLD_latent: 5.656, KLD_decoder_params_norm: 193.230, Time: 2224.87 |
|Train : Update 105000. Negative ELBO : 323.426, BCE: 130.973, KLD_latent: 5.736, KLD_decoder_params_norm: 186.716, Time: 2246.20 |
|Train : Update 106000. Negative ELBO : 317.382, BCE: 130.783, KLD_latent: 5.984, KLD_decoder_params_norm: 180.614, Time: 2267.56 |
|Train : Update 107000. Negative ELBO : 310.609, BCE: 130.088, KLD_latent: 5.639, KLD_decoder_params_norm: 174.881, Time: 2288.89 |
|Train : Update 108000. Negative ELBO : 305.821, BCE: 130.515, KLD_latent: 5.844, KLD_decoder_params_norm: 169.461, Time: 2310.23 |
|Train : Update 109000. Negative ELBO : 300.264, BCE: 130.353, KLD_latent: 5.592, KLD_decoder_params_norm: 164.319, Time: 2331.56 |
|Train : Update 110000. Negative ELBO : 298.185, BCE: 133.122, KLD_latent: 5.632, KLD_decoder_params_norm: 159.431, Time: 2352.91 |
|Train : Update 111000. Negative ELBO : 291.446, BCE: 131.165, KLD_latent: 5.507, KLD_decoder_params_norm: 154.773, Time: 2374.26 |
|Train : Update 112000. Negative ELBO : 286.873, BCE: 131.004, KLD_latent: 5.545, KLD_decoder_params_norm: 150.324, Time: 2395.70 |
|Train : Update 113000. Negative ELBO : 282.663, BCE: 130.827, KLD_latent: 5.768, KLD_decoder_params_norm: 146.068, Time: 2417.14 |
|Train : Update 114000. Negative ELBO : 278.507, BCE: 130.690, KLD_latent: 5.824, KLD_decoder_params_norm: 141.993, Time: 2438.49 |
|Train : Update 115000. Negative ELBO : 271.613, BCE: 128.134, KLD_latent: 5.400, KLD_decoder_params_norm: 138.078, Time: 2459.84 |
|Train : Update 116000. Negative ELBO : 270.980, BCE: 130.902, KLD_latent: 5.766, KLD_decoder_params_norm: 134.311, Time: 2481.19 |
|Train : Update 117000. Negative ELBO : 267.824, BCE: 131.264, KLD_latent: 5.872, KLD_decoder_params_norm: 130.688, Time: 2502.53 |
|Train : Update 118000. Negative ELBO : 263.644, BCE: 130.633, KLD_latent: 5.808, KLD_decoder_params_norm: 127.204, Time: 2523.88 |
|Train : Update 119000. Negative ELBO : 261.226, BCE: 131.754, KLD_latent: 5.620, KLD_decoder_params_norm: 123.852, Time: 2545.23 |
|Train : Update 120000. Negative ELBO : 258.579, BCE: 132.469, KLD_latent: 5.486, KLD_decoder_params_norm: 120.624, Time: 2566.58 |
|Train : Update 121000. Negative ELBO : 256.414, BCE: 133.402, KLD_latent: 5.501, KLD_decoder_params_norm: 117.511, Time: 2587.92 |
|Train : Update 122000. Negative ELBO : 251.461, BCE: 131.519, KLD_latent: 5.433, KLD_decoder_params_norm: 114.509, Time: 2609.26 |
|Train : Update 123000. Negative ELBO : 249.627, BCE: 132.415, KLD_latent: 5.594, KLD_decoder_params_norm: 111.617, Time: 2630.60 |
|Train : Update 124000. Negative ELBO : 246.597, BCE: 132.265, KLD_latent: 5.511, KLD_decoder_params_norm: 108.821, Time: 2651.95 |
|Train : Update 125000. Negative ELBO : 243.171, BCE: 131.462, KLD_latent: 5.588, KLD_decoder_params_norm: 106.120, Time: 2673.30 |
|Train : Update 126000. Negative ELBO : 239.595, BCE: 130.792, KLD_latent: 5.289, KLD_decoder_params_norm: 103.514, Time: 2694.66 |
|Train : Update 127000. Negative ELBO : 237.303, BCE: 130.669, KLD_latent: 5.639, KLD_decoder_params_norm: 100.995, Time: 2716.02 |
|Train : Update 128000. Negative ELBO : 236.484, BCE: 132.523, KLD_latent: 5.405, KLD_decoder_params_norm: 98.556, Time: 2737.43 |
|Train : Update 129000. Negative ELBO : 231.955, BCE: 130.432, KLD_latent: 5.326, KLD_decoder_params_norm: 96.197, Time: 2758.85 |
|Train : Update 130000. Negative ELBO : 229.522, BCE: 130.009, KLD_latent: 5.603, KLD_decoder_params_norm: 93.911, Time: 2780.20 |
|Train : Update 131000. Negative ELBO : 229.263, BCE: 132.183, KLD_latent: 5.380, KLD_decoder_params_norm: 91.700, Time: 2801.54 |
|Train : Update 132000. Negative ELBO : 225.204, BCE: 130.297, KLD_latent: 5.345, KLD_decoder_params_norm: 89.563, Time: 2822.91 |
|Train : Update 133000. Negative ELBO : 225.594, BCE: 132.667, KLD_latent: 5.434, KLD_decoder_params_norm: 87.493, Time: 2844.26 |
|Train : Update 134000. Negative ELBO : 223.090, BCE: 132.022, KLD_latent: 5.575, KLD_decoder_params_norm: 85.493, Time: 2865.61 |
|Train : Update 135000. Negative ELBO : 220.519, BCE: 131.507, KLD_latent: 5.459, KLD_decoder_params_norm: 83.554, Time: 2886.96 |
|Train : Update 136000. Negative ELBO : 220.180, BCE: 132.950, KLD_latent: 5.556, KLD_decoder_params_norm: 81.674, Time: 2908.32 |
|Train : Update 137000. Negative ELBO : 217.569, BCE: 132.279, KLD_latent: 5.439, KLD_decoder_params_norm: 79.851, Time: 2929.66 |
|Train : Update 138000. Negative ELBO : 215.753, BCE: 132.349, KLD_latent: 5.326, KLD_decoder_params_norm: 78.079, Time: 2951.02 |
|Train : Update 139000. Negative ELBO : 213.492, BCE: 131.837, KLD_latent: 5.291, KLD_decoder_params_norm: 76.364, Time: 2972.38 |
|Train : Update 140000. Negative ELBO : 213.349, BCE: 133.544, KLD_latent: 5.101, KLD_decoder_params_norm: 74.704, Time: 2993.73 |
|Train : Update 141000. Negative ELBO : 212.020, BCE: 133.404, KLD_latent: 5.522, KLD_decoder_params_norm: 73.094, Time: 3015.07 |
|Train : Update 142000. Negative ELBO : 210.372, BCE: 133.212, KLD_latent: 5.631, KLD_decoder_params_norm: 71.529, Time: 3036.43 |
|Train : Update 143000. Negative ELBO : 207.592, BCE: 132.325, KLD_latent: 5.256, KLD_decoder_params_norm: 70.011, Time: 3057.78 |
|Train : Update 144000. Negative ELBO : 205.377, BCE: 131.399, KLD_latent: 5.436, KLD_decoder_params_norm: 68.542, Time: 3079.12 |
|Train : Update 145000. Negative ELBO : 203.421, BCE: 130.983, KLD_latent: 5.319, KLD_decoder_params_norm: 67.119, Time: 3100.46 |
|Train : Update 146000. Negative ELBO : 204.141, BCE: 133.229, KLD_latent: 5.175, KLD_decoder_params_norm: 65.737, Time: 3121.81 |
|Train : Update 147000. Negative ELBO : 201.327, BCE: 131.811, KLD_latent: 5.123, KLD_decoder_params_norm: 64.394, Time: 3143.15 |
|Train : Update 148000. Negative ELBO : 200.931, BCE: 132.508, KLD_latent: 5.332, KLD_decoder_params_norm: 63.091, Time: 3164.48 |
|Train : Update 149000. Negative ELBO : 199.848, BCE: 132.559, KLD_latent: 5.467, KLD_decoder_params_norm: 61.822, Time: 3185.81 |
|Train : Update 150000. Negative ELBO : 199.997, BCE: 134.075, KLD_latent: 5.331, KLD_decoder_params_norm: 60.591, Time: 3207.18 |
|Train : Update 151000. Negative ELBO : 196.901, BCE: 132.256, KLD_latent: 5.249, KLD_decoder_params_norm: 59.396, Time: 3228.63 |
|Train : Update 152000. Negative ELBO : 197.069, BCE: 133.701, KLD_latent: 5.136, KLD_decoder_params_norm: 58.232, Time: 3250.05 |
|Train : Update 153000. Negative ELBO : 194.268, BCE: 131.949, KLD_latent: 5.214, KLD_decoder_params_norm: 57.106, Time: 3271.38 |
|Train : Update 154000. Negative ELBO : 192.789, BCE: 131.501, KLD_latent: 5.278, KLD_decoder_params_norm: 56.010, Time: 3292.73 |
|Train : Update 155000. Negative ELBO : 193.199, BCE: 132.989, KLD_latent: 5.260, KLD_decoder_params_norm: 54.949, Time: 3314.05 |
|Train : Update 156000. Negative ELBO : 192.306, BCE: 133.207, KLD_latent: 5.183, KLD_decoder_params_norm: 53.917, Time: 3335.37 |
|Train : Update 157000. Negative ELBO : 189.731, BCE: 131.484, KLD_latent: 5.336, KLD_decoder_params_norm: 52.911, Time: 3356.66 |
|Train : Update 158000. Negative ELBO : 188.197, BCE: 131.044, KLD_latent: 5.219, KLD_decoder_params_norm: 51.934, Time: 3377.96 |
|Train : Update 159000. Negative ELBO : 188.765, BCE: 132.412, KLD_latent: 5.370, KLD_decoder_params_norm: 50.984, Time: 3399.28 |
|Train : Update 160000. Negative ELBO : 186.833, BCE: 131.610, KLD_latent: 5.165, KLD_decoder_params_norm: 50.058, Time: 3420.62 |
|Train : Update 161000. Negative ELBO : 185.999, BCE: 131.732, KLD_latent: 5.106, KLD_decoder_params_norm: 49.160, Time: 3441.95 |
|Train : Update 162000. Negative ELBO : 186.289, BCE: 132.718, KLD_latent: 5.282, KLD_decoder_params_norm: 48.289, Time: 3463.29 |
|Train : Update 163000. Negative ELBO : 186.907, BCE: 134.050, KLD_latent: 5.417, KLD_decoder_params_norm: 47.440, Time: 3484.62 |
|Train : Update 164000. Negative ELBO : 183.576, BCE: 131.583, KLD_latent: 5.379, KLD_decoder_params_norm: 46.614, Time: 3505.96 |
|Train : Update 165000. Negative ELBO : 183.368, BCE: 132.393, KLD_latent: 5.162, KLD_decoder_params_norm: 45.813, Time: 3527.29 |
|Train : Update 166000. Negative ELBO : 179.529, BCE: 129.138, KLD_latent: 5.358, KLD_decoder_params_norm: 45.033, Time: 3548.69 |
|Train : Update 167000. Negative ELBO : 181.919, BCE: 132.421, KLD_latent: 5.227, KLD_decoder_params_norm: 44.272, Time: 3570.08 |
|Train : Update 168000. Negative ELBO : 181.714, BCE: 133.174, KLD_latent: 5.010, KLD_decoder_params_norm: 43.530, Time: 3591.48 |
|Train : Update 169000. Negative ELBO : 180.471, BCE: 132.423, KLD_latent: 5.241, KLD_decoder_params_norm: 42.806, Time: 3612.81 |
|Train : Update 170000. Negative ELBO : 179.691, BCE: 132.666, KLD_latent: 4.922, KLD_decoder_params_norm: 42.103, Time: 3634.14 |
|Train : Update 171000. Negative ELBO : 180.995, BCE: 134.227, KLD_latent: 5.352, KLD_decoder_params_norm: 41.417, Time: 3655.48 |
|Train : Update 172000. Negative ELBO : 176.850, BCE: 130.994, KLD_latent: 5.105, KLD_decoder_params_norm: 40.750, Time: 3676.82 |
|Train : Update 173000. Negative ELBO : 178.016, BCE: 132.674, KLD_latent: 5.241, KLD_decoder_params_norm: 40.102, Time: 3698.15 |
|Train : Update 174000. Negative ELBO : 175.893, BCE: 131.093, KLD_latent: 5.331, KLD_decoder_params_norm: 39.469, Time: 3719.48 |
|Train : Update 175000. Negative ELBO : 176.669, BCE: 132.815, KLD_latent: 5.002, KLD_decoder_params_norm: 38.851, Time: 3740.81 |
|Train : Update 176000. Negative ELBO : 177.762, BCE: 134.374, KLD_latent: 5.139, KLD_decoder_params_norm: 38.249, Time: 3762.15 |
|Train : Update 177000. Negative ELBO : 175.853, BCE: 133.244, KLD_latent: 4.948, KLD_decoder_params_norm: 37.661, Time: 3783.47 |
|Train : Update 178000. Negative ELBO : 175.411, BCE: 133.259, KLD_latent: 5.063, KLD_decoder_params_norm: 37.089, Time: 3804.81 |
|Train : Update 179000. Negative ELBO : 173.200, BCE: 131.721, KLD_latent: 4.948, KLD_decoder_params_norm: 36.531, Time: 3826.14 |
|Train : Update 180000. Negative ELBO : 174.182, BCE: 133.161, KLD_latent: 5.037, KLD_decoder_params_norm: 35.984, Time: 3847.48 |
|Train : Update 181000. Negative ELBO : 174.867, BCE: 134.265, KLD_latent: 5.151, KLD_decoder_params_norm: 35.452, Time: 3868.83 |
|Train : Update 182000. Negative ELBO : 170.536, BCE: 130.612, KLD_latent: 4.993, KLD_decoder_params_norm: 34.931, Time: 3890.17 |
|Train : Update 183000. Negative ELBO : 173.144, BCE: 133.654, KLD_latent: 5.064, KLD_decoder_params_norm: 34.425, Time: 3911.50 |
|Train : Update 184000. Negative ELBO : 170.870, BCE: 131.884, KLD_latent: 5.054, KLD_decoder_params_norm: 33.933, Time: 3932.85 |
|Train : Update 185000. Negative ELBO : 171.590, BCE: 132.972, KLD_latent: 5.167, KLD_decoder_params_norm: 33.451, Time: 3954.20 |
|Train : Update 186000. Negative ELBO : 170.337, BCE: 132.400, KLD_latent: 4.955, KLD_decoder_params_norm: 32.982, Time: 3975.56 |
|Train : Update 187000. Negative ELBO : 169.714, BCE: 132.300, KLD_latent: 4.891, KLD_decoder_params_norm: 32.523, Time: 3996.90 |
|Train : Update 188000. Negative ELBO : 168.154, BCE: 130.877, KLD_latent: 5.202, KLD_decoder_params_norm: 32.074, Time: 4018.25 |
|Train : Update 189000. Negative ELBO : 169.337, BCE: 132.776, KLD_latent: 4.924, KLD_decoder_params_norm: 31.637, Time: 4039.65 |
|Train : Update 190000. Negative ELBO : 167.251, BCE: 131.030, KLD_latent: 5.014, KLD_decoder_params_norm: 31.208, Time: 4061.12 |
|Train : Update 191000. Negative ELBO : 168.317, BCE: 132.552, KLD_latent: 4.977, KLD_decoder_params_norm: 30.788, Time: 4082.52 |
|Train : Update 192000. Negative ELBO : 166.367, BCE: 131.080, KLD_latent: 4.907, KLD_decoder_params_norm: 30.380, Time: 4103.87 |
|Train : Update 193000. Negative ELBO : 169.793, BCE: 134.855, KLD_latent: 4.953, KLD_decoder_params_norm: 29.984, Time: 4125.21 |
|Train : Update 194000. Negative ELBO : 166.422, BCE: 131.725, KLD_latent: 5.100, KLD_decoder_params_norm: 29.597, Time: 4146.56 |
|Train : Update 195000. Negative ELBO : 168.412, BCE: 134.078, KLD_latent: 5.116, KLD_decoder_params_norm: 29.219, Time: 4167.90 |
|Train : Update 196000. Negative ELBO : 166.469, BCE: 132.430, KLD_latent: 5.193, KLD_decoder_params_norm: 28.847, Time: 4189.25 |
|Train : Update 197000. Negative ELBO : 165.045, BCE: 131.690, KLD_latent: 4.872, KLD_decoder_params_norm: 28.483, Time: 4210.59 |
|Train : Update 198000. Negative ELBO : 165.484, BCE: 132.347, KLD_latent: 5.008, KLD_decoder_params_norm: 28.129, Time: 4231.94 |
|Train : Update 199000. Negative ELBO : 165.134, BCE: 132.138, KLD_latent: 5.212, KLD_decoder_params_norm: 27.784, Time: 4253.28 |
|Train : Update 200000. Negative ELBO : 165.579, BCE: 133.039, KLD_latent: 5.096, KLD_decoder_params_norm: 27.444, Time: 4274.63 |
|Train : Update 201000. Negative ELBO : 165.593, BCE: 133.326, KLD_latent: 5.155, KLD_decoder_params_norm: 27.112, Time: 4295.97 |
|Train : Update 202000. Negative ELBO : 165.347, BCE: 133.718, KLD_latent: 4.842, KLD_decoder_params_norm: 26.787, Time: 4317.32 |
|Train : Update 203000. Negative ELBO : 162.013, BCE: 130.628, KLD_latent: 4.918, KLD_decoder_params_norm: 26.467, Time: 4338.67 |
|Train : Update 204000. Negative ELBO : 165.351, BCE: 134.231, KLD_latent: 4.964, KLD_decoder_params_norm: 26.155, Time: 4360.02 |
|Train : Update 205000. Negative ELBO : 166.288, BCE: 135.214, KLD_latent: 5.225, KLD_decoder_params_norm: 25.850, Time: 4381.41 |
|Train : Update 206000. Negative ELBO : 161.837, BCE: 131.251, KLD_latent: 5.036, KLD_decoder_params_norm: 25.550, Time: 4402.84 |
|Train : Update 207000. Negative ELBO : 161.223, BCE: 131.177, KLD_latent: 4.789, KLD_decoder_params_norm: 25.257, Time: 4424.23 |
|Train : Update 208000. Negative ELBO : 163.324, BCE: 133.534, KLD_latent: 4.821, KLD_decoder_params_norm: 24.969, Time: 4445.58 |
|Train : Update 209000. Negative ELBO : 164.095, BCE: 134.355, KLD_latent: 5.054, KLD_decoder_params_norm: 24.686, Time: 4466.94 |
|Train : Update 210000. Negative ELBO : 161.207, BCE: 131.821, KLD_latent: 4.976, KLD_decoder_params_norm: 24.410, Time: 4488.29 |
|Train : Update 211000. Negative ELBO : 161.760, BCE: 132.667, KLD_latent: 4.952, KLD_decoder_params_norm: 24.140, Time: 4509.64 |
|Train : Update 212000. Negative ELBO : 163.796, BCE: 134.888, KLD_latent: 5.033, KLD_decoder_params_norm: 23.876, Time: 4530.99 |
|Train : Update 213000. Negative ELBO : 161.271, BCE: 132.582, KLD_latent: 5.072, KLD_decoder_params_norm: 23.617, Time: 4552.36 |
|Train : Update 214000. Negative ELBO : 161.587, BCE: 133.225, KLD_latent: 4.999, KLD_decoder_params_norm: 23.363, Time: 4573.72 |
|Train : Update 215000. Negative ELBO : 161.617, BCE: 133.468, KLD_latent: 5.036, KLD_decoder_params_norm: 23.113, Time: 4595.07 |
|Train : Update 216000. Negative ELBO : 160.557, BCE: 132.804, KLD_latent: 4.882, KLD_decoder_params_norm: 22.870, Time: 4616.41 |
|Train : Update 217000. Negative ELBO : 160.313, BCE: 133.002, KLD_latent: 4.678, KLD_decoder_params_norm: 22.632, Time: 4637.78 |
|Train : Update 218000. Negative ELBO : 160.861, BCE: 133.570, KLD_latent: 4.893, KLD_decoder_params_norm: 22.398, Time: 4659.13 |
|Train : Update 219000. Negative ELBO : 160.066, BCE: 132.892, KLD_latent: 5.005, KLD_decoder_params_norm: 22.169, Time: 4680.47 |
|Train : Update 220000. Negative ELBO : 162.577, BCE: 135.752, KLD_latent: 4.881, KLD_decoder_params_norm: 21.944, Time: 4701.84 |
|Train : Update 221000. Negative ELBO : 159.446, BCE: 132.832, KLD_latent: 4.890, KLD_decoder_params_norm: 21.724, Time: 4723.19 |
|Train : Update 222000. Negative ELBO : 158.257, BCE: 131.900, KLD_latent: 4.848, KLD_decoder_params_norm: 21.508, Time: 4744.55 |
|Train : Update 223000. Negative ELBO : 159.409, BCE: 133.315, KLD_latent: 4.800, KLD_decoder_params_norm: 21.295, Time: 4765.89 |
|Train : Update 224000. Negative ELBO : 159.065, BCE: 133.113, KLD_latent: 4.865, KLD_decoder_params_norm: 21.087, Time: 4787.25 |
|Train : Update 225000. Negative ELBO : 157.716, BCE: 131.892, KLD_latent: 4.942, KLD_decoder_params_norm: 20.883, Time: 4808.60 |
|Train : Update 226000. Negative ELBO : 159.172, BCE: 133.489, KLD_latent: 5.000, KLD_decoder_params_norm: 20.683, Time: 4829.94 |
|Train : Update 227000. Negative ELBO : 158.302, BCE: 132.958, KLD_latent: 4.857, KLD_decoder_params_norm: 20.487, Time: 4851.30 |
|Train : Update 228000. Negative ELBO : 158.007, BCE: 132.785, KLD_latent: 4.929, KLD_decoder_params_norm: 20.293, Time: 4872.67 |
|Train : Update 229000. Negative ELBO : 156.182, BCE: 131.327, KLD_latent: 4.752, KLD_decoder_params_norm: 20.103, Time: 4894.06 |
|Train : Update 230000. Negative ELBO : 156.203, BCE: 131.544, KLD_latent: 4.743, KLD_decoder_params_norm: 19.916, Time: 4915.51 |
|Train : Update 231000. Negative ELBO : 157.299, BCE: 132.648, KLD_latent: 4.918, KLD_decoder_params_norm: 19.734, Time: 4936.85 |
|Train : Update 232000. Negative ELBO : 157.107, BCE: 132.699, KLD_latent: 4.855, KLD_decoder_params_norm: 19.553, Time: 4958.19 |
|Train : Update 233000. Negative ELBO : 156.771, BCE: 132.497, KLD_latent: 4.899, KLD_decoder_params_norm: 19.376, Time: 4979.52 |
|Train : Update 234000. Negative ELBO : 156.810, BCE: 132.546, KLD_latent: 5.061, KLD_decoder_params_norm: 19.202, Time: 5000.86 |
|Train : Update 235000. Negative ELBO : 160.080, BCE: 135.916, KLD_latent: 5.130, KLD_decoder_params_norm: 19.033, Time: 5022.19 |
|Train : Update 236000. Negative ELBO : 157.846, BCE: 134.304, KLD_latent: 4.676, KLD_decoder_params_norm: 18.867, Time: 5043.52 |
|Train : Update 237000. Negative ELBO : 156.416, BCE: 132.711, KLD_latent: 5.003, KLD_decoder_params_norm: 18.702, Time: 5064.87 |
|Train : Update 238000. Negative ELBO : 156.547, BCE: 133.005, KLD_latent: 5.001, KLD_decoder_params_norm: 18.541, Time: 5086.21 |
|Train : Update 239000. Negative ELBO : 156.417, BCE: 132.833, KLD_latent: 5.202, KLD_decoder_params_norm: 18.382, Time: 5107.54 |
|Train : Update 240000. Negative ELBO : 155.451, BCE: 132.481, KLD_latent: 4.742, KLD_decoder_params_norm: 18.228, Time: 5128.88 |
|Train : Update 241000. Negative ELBO : 155.966, BCE: 133.119, KLD_latent: 4.772, KLD_decoder_params_norm: 18.075, Time: 5150.21 |
|Train : Update 242000. Negative ELBO : 153.986, BCE: 131.216, KLD_latent: 4.845, KLD_decoder_params_norm: 17.924, Time: 5171.55 |
|Train : Update 243000. Negative ELBO : 154.858, BCE: 132.099, KLD_latent: 4.982, KLD_decoder_params_norm: 17.778, Time: 5192.88 |
|Train : Update 244000. Negative ELBO : 154.553, BCE: 132.031, KLD_latent: 4.889, KLD_decoder_params_norm: 17.633, Time: 5214.28 |
|Train : Update 245000. Negative ELBO : 156.007, BCE: 133.645, KLD_latent: 4.870, KLD_decoder_params_norm: 17.491, Time: 5235.68 |
|Train : Update 246000. Negative ELBO : 154.960, BCE: 132.640, KLD_latent: 4.969, KLD_decoder_params_norm: 17.350, Time: 5257.08 |
|Train : Update 247000. Negative ELBO : 156.233, BCE: 134.178, KLD_latent: 4.843, KLD_decoder_params_norm: 17.212, Time: 5278.43 |
|Train : Update 248000. Negative ELBO : 156.134, BCE: 133.847, KLD_latent: 5.211, KLD_decoder_params_norm: 17.076, Time: 5299.77 |
|Train : Update 249000. Negative ELBO : 156.199, BCE: 134.246, KLD_latent: 5.010, KLD_decoder_params_norm: 16.943, Time: 5321.10 |
|Train : Update 250000. Negative ELBO : 153.908, BCE: 132.235, KLD_latent: 4.860, KLD_decoder_params_norm: 16.812, Time: 5342.45 |
|Train : Update 251000. Negative ELBO : 155.502, BCE: 133.837, KLD_latent: 4.982, KLD_decoder_params_norm: 16.684, Time: 5363.78 |
|Train : Update 252000. Negative ELBO : 153.552, BCE: 132.214, KLD_latent: 4.780, KLD_decoder_params_norm: 16.558, Time: 5385.12 |
|Train : Update 253000. Negative ELBO : 153.019, BCE: 131.856, KLD_latent: 4.728, KLD_decoder_params_norm: 16.435, Time: 5406.46 |
|Train : Update 254000. Negative ELBO : 154.999, BCE: 133.665, KLD_latent: 5.022, KLD_decoder_params_norm: 16.312, Time: 5427.81 |
|Train : Update 255000. Negative ELBO : 156.082, BCE: 134.891, KLD_latent: 4.998, KLD_decoder_params_norm: 16.193, Time: 5449.14 |
|Train : Update 256000. Negative ELBO : 153.126, BCE: 132.323, KLD_latent: 4.730, KLD_decoder_params_norm: 16.073, Time: 5470.49 |
|Train : Update 257000. Negative ELBO : 154.590, BCE: 133.735, KLD_latent: 4.898, KLD_decoder_params_norm: 15.957, Time: 5491.81 |
|Train : Update 258000. Negative ELBO : 154.217, BCE: 133.448, KLD_latent: 4.926, KLD_decoder_params_norm: 15.843, Time: 5513.16 |
|Train : Update 259000. Negative ELBO : 154.486, BCE: 133.848, KLD_latent: 4.906, KLD_decoder_params_norm: 15.732, Time: 5534.49 |
|Train : Update 260000. Negative ELBO : 151.912, BCE: 131.360, KLD_latent: 4.930, KLD_decoder_params_norm: 15.621, Time: 5555.84 |
|Train : Update 261000. Negative ELBO : 153.015, BCE: 132.657, KLD_latent: 4.846, KLD_decoder_params_norm: 15.513, Time: 5577.18 |
|Train : Update 262000. Negative ELBO : 152.343, BCE: 132.049, KLD_latent: 4.887, KLD_decoder_params_norm: 15.407, Time: 5598.53 |
|Train : Update 263000. Negative ELBO : 153.210, BCE: 133.003, KLD_latent: 4.905, KLD_decoder_params_norm: 15.302, Time: 5619.87 |
|Train : Update 264000. Negative ELBO : 155.159, BCE: 135.076, KLD_latent: 4.884, KLD_decoder_params_norm: 15.199, Time: 5641.20 |
|Train : Update 265000. Negative ELBO : 154.729, BCE: 134.756, KLD_latent: 4.876, KLD_decoder_params_norm: 15.097, Time: 5662.54 |
|Train : Update 266000. Negative ELBO : 150.941, BCE: 131.126, KLD_latent: 4.818, KLD_decoder_params_norm: 14.997, Time: 5683.88 |
|Train : Update 267000. Negative ELBO : 152.695, BCE: 132.733, KLD_latent: 5.064, KLD_decoder_params_norm: 14.898, Time: 5705.26 |
|Train : Update 268000. Negative ELBO : 154.592, BCE: 134.840, KLD_latent: 4.952, KLD_decoder_params_norm: 14.800, Time: 5726.70 |
|Train : Update 269000. Negative ELBO : 151.522, BCE: 132.162, KLD_latent: 4.656, KLD_decoder_params_norm: 14.704, Time: 5748.04 |
|Train : Update 270000. Negative ELBO : 154.156, BCE: 134.829, KLD_latent: 4.719, KLD_decoder_params_norm: 14.608, Time: 5769.37 |
|Train : Update 271000. Negative ELBO : 151.872, BCE: 132.382, KLD_latent: 4.975, KLD_decoder_params_norm: 14.515, Time: 5790.70 |
|Train : Update 272000. Negative ELBO : 151.440, BCE: 132.029, KLD_latent: 4.988, KLD_decoder_params_norm: 14.423, Time: 5812.03 |
|Train : Update 273000. Negative ELBO : 153.703, BCE: 134.260, KLD_latent: 5.110, KLD_decoder_params_norm: 14.333, Time: 5833.36 |
|Train : Update 274000. Negative ELBO : 151.510, BCE: 132.412, KLD_latent: 4.853, KLD_decoder_params_norm: 14.245, Time: 5854.70 |
|Train : Update 275000. Negative ELBO : 152.046, BCE: 133.144, KLD_latent: 4.744, KLD_decoder_params_norm: 14.158, Time: 5876.02 |
|Train : Update 276000. Negative ELBO : 151.324, BCE: 132.360, KLD_latent: 4.892, KLD_decoder_params_norm: 14.072, Time: 5897.35 |
|Train : Update 277000. Negative ELBO : 148.493, BCE: 129.819, KLD_latent: 4.686, KLD_decoder_params_norm: 13.988, Time: 5918.67 |
|Train : Update 278000. Negative ELBO : 152.825, BCE: 134.110, KLD_latent: 4.809, KLD_decoder_params_norm: 13.905, Time: 5940.01 |
|Train : Update 279000. Negative ELBO : 150.255, BCE: 131.698, KLD_latent: 4.733, KLD_decoder_params_norm: 13.824, Time: 5961.33 |
|Train : Update 280000. Negative ELBO : 150.590, BCE: 132.071, KLD_latent: 4.777, KLD_decoder_params_norm: 13.742, Time: 5982.66 |
|Train : Update 281000. Negative ELBO : 149.275, BCE: 130.687, KLD_latent: 4.925, KLD_decoder_params_norm: 13.663, Time: 6003.99 |
|Train : Update 282000. Negative ELBO : 151.660, BCE: 133.310, KLD_latent: 4.765, KLD_decoder_params_norm: 13.585, Time: 6025.33 |
|Train : Update 283000. Negative ELBO : 149.069, BCE: 130.605, KLD_latent: 4.956, KLD_decoder_params_norm: 13.508, Time: 6046.73 |
|Train : Update 284000. Negative ELBO : 150.168, BCE: 131.951, KLD_latent: 4.786, KLD_decoder_params_norm: 13.431, Time: 6068.19 |
|Train : Update 285000. Negative ELBO : 150.019, BCE: 131.843, KLD_latent: 4.820, KLD_decoder_params_norm: 13.355, Time: 6089.51 |
|Train : Update 286000. Negative ELBO : 150.229, BCE: 132.209, KLD_latent: 4.739, KLD_decoder_params_norm: 13.281, Time: 6110.85 |
|Train : Update 287000. Negative ELBO : 151.749, BCE: 133.809, KLD_latent: 4.732, KLD_decoder_params_norm: 13.208, Time: 6132.18 |
|Train : Update 288000. Negative ELBO : 150.862, BCE: 132.884, KLD_latent: 4.843, KLD_decoder_params_norm: 13.136, Time: 6153.52 |
|Train : Update 289000. Negative ELBO : 149.550, BCE: 131.637, KLD_latent: 4.848, KLD_decoder_params_norm: 13.065, Time: 6174.85 |
|Train : Update 290000. Negative ELBO : 149.714, BCE: 131.963, KLD_latent: 4.756, KLD_decoder_params_norm: 12.995, Time: 6196.18 |
|Train : Update 291000. Negative ELBO : 151.808, BCE: 133.929, KLD_latent: 4.953, KLD_decoder_params_norm: 12.926, Time: 6217.51 |
|Train : Update 292000. Negative ELBO : 149.895, BCE: 132.109, KLD_latent: 4.928, KLD_decoder_params_norm: 12.858, Time: 6238.84 |
|Train : Update 293000. Negative ELBO : 149.561, BCE: 132.058, KLD_latent: 4.714, KLD_decoder_params_norm: 12.790, Time: 6260.17 |
|Train : Update 294000. Negative ELBO : 147.983, BCE: 130.511, KLD_latent: 4.749, KLD_decoder_params_norm: 12.723, Time: 6281.50 |
|Train : Update 295000. Negative ELBO : 153.889, BCE: 136.504, KLD_latent: 4.728, KLD_decoder_params_norm: 12.657, Time: 6302.83 |
|Train : Update 296000. Negative ELBO : 149.176, BCE: 131.827, KLD_latent: 4.755, KLD_decoder_params_norm: 12.593, Time: 6324.17 |
|Train : Update 297000. Negative ELBO : 150.003, BCE: 132.596, KLD_latent: 4.878, KLD_decoder_params_norm: 12.529, Time: 6345.49 |
|Train : Update 298000. Negative ELBO : 151.743, BCE: 134.396, KLD_latent: 4.882, KLD_decoder_params_norm: 12.465, Time: 6366.84 |
|Train : Update 299000. Negative ELBO : 150.554, BCE: 133.331, KLD_latent: 4.821, KLD_decoder_params_norm: 12.402, Time: 6388.17 |
|Train : Update 300000. Negative ELBO : 148.758, BCE: 131.554, KLD_latent: 4.863, KLD_decoder_params_norm: 12.341, Time: 6409.51 |
|Train : Update 301000. Negative ELBO : 152.454, BCE: 135.156, KLD_latent: 5.019, KLD_decoder_params_norm: 12.280, Time: 6430.84 |
|Train : Update 302000. Negative ELBO : 151.158, BCE: 133.857, KLD_latent: 5.081, KLD_decoder_params_norm: 12.220, Time: 6452.18 |
|Train : Update 303000. Negative ELBO : 149.795, BCE: 132.891, KLD_latent: 4.743, KLD_decoder_params_norm: 12.161, Time: 6473.50 |
|Train : Update 304000. Negative ELBO : 149.509, BCE: 132.521, KLD_latent: 4.885, KLD_decoder_params_norm: 12.103, Time: 6494.85 |
|Train : Update 305000. Negative ELBO : 148.797, BCE: 132.088, KLD_latent: 4.664, KLD_decoder_params_norm: 12.045, Time: 6516.17 |
|Train : Update 306000. Negative ELBO : 150.445, BCE: 133.496, KLD_latent: 4.960, KLD_decoder_params_norm: 11.989, Time: 6537.56 |
|Train : Update 307000. Negative ELBO : 149.409, BCE: 132.670, KLD_latent: 4.806, KLD_decoder_params_norm: 11.933, Time: 6559.00 |
|Train : Update 308000. Negative ELBO : 149.181, BCE: 132.538, KLD_latent: 4.765, KLD_decoder_params_norm: 11.878, Time: 6580.37 |
|Train : Update 309000. Negative ELBO : 149.455, BCE: 132.904, KLD_latent: 4.727, KLD_decoder_params_norm: 11.824, Time: 6601.69 |
|Train : Update 310000. Negative ELBO : 149.381, BCE: 132.814, KLD_latent: 4.797, KLD_decoder_params_norm: 11.770, Time: 6623.02 |
|Train : Update 311000. Negative ELBO : 149.868, BCE: 133.395, KLD_latent: 4.756, KLD_decoder_params_norm: 11.717, Time: 6644.35 |
|Train : Update 312000. Negative ELBO : 149.060, BCE: 132.656, KLD_latent: 4.739, KLD_decoder_params_norm: 11.665, Time: 6665.69 |
|Train : Update 313000. Negative ELBO : 149.561, BCE: 133.352, KLD_latent: 4.594, KLD_decoder_params_norm: 11.615, Time: 6687.02 |
|Train : Update 314000. Negative ELBO : 149.664, BCE: 133.381, KLD_latent: 4.720, KLD_decoder_params_norm: 11.564, Time: 6708.35 |
|Train : Update 315000. Negative ELBO : 148.392, BCE: 132.129, KLD_latent: 4.749, KLD_decoder_params_norm: 11.514, Time: 6729.67 |
|Train : Update 316000. Negative ELBO : 149.195, BCE: 132.933, KLD_latent: 4.798, KLD_decoder_params_norm: 11.464, Time: 6751.01 |
|Train : Update 317000. Negative ELBO : 148.417, BCE: 132.177, KLD_latent: 4.824, KLD_decoder_params_norm: 11.416, Time: 6772.34 |
|Train : Update 318000. Negative ELBO : 148.917, BCE: 132.592, KLD_latent: 4.958, KLD_decoder_params_norm: 11.367, Time: 6793.68 |
|Train : Update 319000. Negative ELBO : 147.741, BCE: 131.597, KLD_latent: 4.825, KLD_decoder_params_norm: 11.319, Time: 6815.01 |
|Train : Update 320000. Negative ELBO : 149.185, BCE: 133.118, KLD_latent: 4.795, KLD_decoder_params_norm: 11.272, Time: 6836.35 |
|Train : Update 321000. Negative ELBO : 147.001, BCE: 130.845, KLD_latent: 4.930, KLD_decoder_params_norm: 11.226, Time: 6857.67 |
|Train : Update 322000. Negative ELBO : 149.746, BCE: 133.753, KLD_latent: 4.813, KLD_decoder_params_norm: 11.180, Time: 6879.06 |
|Train : Update 323000. Negative ELBO : 150.285, BCE: 134.067, KLD_latent: 5.085, KLD_decoder_params_norm: 11.133, Time: 6900.49 |
|Train : Update 324000. Negative ELBO : 147.784, BCE: 131.913, KLD_latent: 4.782, KLD_decoder_params_norm: 11.088, Time: 6921.83 |
|Train : Update 325000. Negative ELBO : 149.214, BCE: 133.421, KLD_latent: 4.750, KLD_decoder_params_norm: 11.043, Time: 6943.14 |
|Train : Update 326000. Negative ELBO : 149.998, BCE: 134.379, KLD_latent: 4.621, KLD_decoder_params_norm: 10.999, Time: 6964.48 |
|Train : Update 327000. Negative ELBO : 147.906, BCE: 132.090, KLD_latent: 4.862, KLD_decoder_params_norm: 10.955, Time: 6985.80 |
|Train : Update 328000. Negative ELBO : 147.216, BCE: 131.461, KLD_latent: 4.844, KLD_decoder_params_norm: 10.911, Time: 7007.13 |
|Train : Update 329000. Negative ELBO : 147.885, BCE: 132.226, KLD_latent: 4.790, KLD_decoder_params_norm: 10.868, Time: 7028.46 |
|Train : Update 330000. Negative ELBO : 149.281, BCE: 133.632, KLD_latent: 4.823, KLD_decoder_params_norm: 10.826, Time: 7049.80 |
|Train : Update 331000. Negative ELBO : 146.377, BCE: 130.870, KLD_latent: 4.722, KLD_decoder_params_norm: 10.785, Time: 7071.12 |
|Train : Update 332000. Negative ELBO : 149.470, BCE: 134.055, KLD_latent: 4.671, KLD_decoder_params_norm: 10.744, Time: 7092.45 |
|Train : Update 333000. Negative ELBO : 149.770, BCE: 134.242, KLD_latent: 4.824, KLD_decoder_params_norm: 10.704, Time: 7113.77 |
|Train : Update 334000. Negative ELBO : 146.504, BCE: 131.061, KLD_latent: 4.779, KLD_decoder_params_norm: 10.663, Time: 7135.10 |
|Train : Update 335000. Negative ELBO : 148.885, BCE: 133.536, KLD_latent: 4.726, KLD_decoder_params_norm: 10.623, Time: 7156.43 |
|Train : Update 336000. Negative ELBO : 148.030, BCE: 132.641, KLD_latent: 4.805, KLD_decoder_params_norm: 10.584, Time: 7177.75 |
|Train : Update 337000. Negative ELBO : 148.522, BCE: 133.248, KLD_latent: 4.729, KLD_decoder_params_norm: 10.545, Time: 7199.09 |
|Train : Update 338000. Negative ELBO : 146.724, BCE: 131.477, KLD_latent: 4.741, KLD_decoder_params_norm: 10.506, Time: 7220.44 |
|Train : Update 339000. Negative ELBO : 149.104, BCE: 133.827, KLD_latent: 4.810, KLD_decoder_params_norm: 10.468, Time: 7241.77 |
|Train : Update 340000. Negative ELBO : 148.040, BCE: 132.817, KLD_latent: 4.792, KLD_decoder_params_norm: 10.431, Time: 7263.13 |
|Train : Update 341000. Negative ELBO : 147.883, BCE: 132.486, KLD_latent: 5.003, KLD_decoder_params_norm: 10.394, Time: 7284.46 |
|Train : Update 342000. Negative ELBO : 149.157, BCE: 133.972, KLD_latent: 4.828, KLD_decoder_params_norm: 10.357, Time: 7305.79 |
|Train : Update 343000. Negative ELBO : 147.094, BCE: 132.022, KLD_latent: 4.751, KLD_decoder_params_norm: 10.321, Time: 7327.11 |
|Train : Update 344000. Negative ELBO : 146.315, BCE: 131.237, KLD_latent: 4.793, KLD_decoder_params_norm: 10.285, Time: 7348.46 |
|Train : Update 345000. Negative ELBO : 147.879, BCE: 132.718, KLD_latent: 4.912, KLD_decoder_params_norm: 10.249, Time: 7369.78 |
|Train : Update 346000. Negative ELBO : 146.836, BCE: 131.758, KLD_latent: 4.866, KLD_decoder_params_norm: 10.212, Time: 7391.14 |
|Train : Update 347000. Negative ELBO : 146.960, BCE: 132.134, KLD_latent: 4.647, KLD_decoder_params_norm: 10.178, Time: 7412.54 |
|Train : Update 348000. Negative ELBO : 148.320, BCE: 133.603, KLD_latent: 4.573, KLD_decoder_params_norm: 10.144, Time: 7433.94 |
|Train : Update 349000. Negative ELBO : 146.982, BCE: 132.352, KLD_latent: 4.520, KLD_decoder_params_norm: 10.109, Time: 7455.26 |
|Train : Update 350000. Negative ELBO : 148.208, BCE: 133.247, KLD_latent: 4.886, KLD_decoder_params_norm: 10.075, Time: 7476.60 |
|Train : Update 351000. Negative ELBO : 146.793, BCE: 132.040, KLD_latent: 4.710, KLD_decoder_params_norm: 10.042, Time: 7497.92 |
|Train : Update 352000. Negative ELBO : 146.432, BCE: 131.674, KLD_latent: 4.749, KLD_decoder_params_norm: 10.009, Time: 7519.25 |
|Train : Update 353000. Negative ELBO : 151.172, BCE: 136.305, KLD_latent: 4.891, KLD_decoder_params_norm: 9.976, Time: 7540.57 |
|Train : Update 354000. Negative ELBO : 147.143, BCE: 132.462, KLD_latent: 4.737, KLD_decoder_params_norm: 9.943, Time: 7561.90 |
|Train : Update 355000. Negative ELBO : 147.160, BCE: 132.607, KLD_latent: 4.642, KLD_decoder_params_norm: 9.911, Time: 7583.24 |
|Train : Update 356000. Negative ELBO : 146.783, BCE: 132.252, KLD_latent: 4.651, KLD_decoder_params_norm: 9.880, Time: 7604.59 |
|Train : Update 357000. Negative ELBO : 149.969, BCE: 135.398, KLD_latent: 4.724, KLD_decoder_params_norm: 9.848, Time: 7625.91 |
|Train : Update 358000. Negative ELBO : 147.286, BCE: 132.566, KLD_latent: 4.902, KLD_decoder_params_norm: 9.818, Time: 7647.25 |
|Train : Update 359000. Negative ELBO : 149.250, BCE: 134.414, KLD_latent: 5.049, KLD_decoder_params_norm: 9.787, Time: 7668.58 |
|Train : Update 360000. Negative ELBO : 147.920, BCE: 133.313, KLD_latent: 4.851, KLD_decoder_params_norm: 9.756, Time: 7689.91 |
|Train : Update 361000. Negative ELBO : 149.003, BCE: 134.201, KLD_latent: 5.075, KLD_decoder_params_norm: 9.726, Time: 7711.23 |
|Train : Update 362000. Negative ELBO : 147.314, BCE: 132.847, KLD_latent: 4.771, KLD_decoder_params_norm: 9.696, Time: 7732.58 |
|Train : Update 363000. Negative ELBO : 147.302, BCE: 132.997, KLD_latent: 4.638, KLD_decoder_params_norm: 9.667, Time: 7753.93 |
|Train : Update 364000. Negative ELBO : 146.068, BCE: 131.600, KLD_latent: 4.831, KLD_decoder_params_norm: 9.638, Time: 7775.35 |
|Train : Update 365000. Negative ELBO : 146.358, BCE: 131.921, KLD_latent: 4.829, KLD_decoder_params_norm: 9.609, Time: 7796.73 |
|Train : Update 366000. Negative ELBO : 146.426, BCE: 132.107, KLD_latent: 4.740, KLD_decoder_params_norm: 9.580, Time: 7818.06 |
|Train : Update 367000. Negative ELBO : 147.748, BCE: 133.419, KLD_latent: 4.777, KLD_decoder_params_norm: 9.551, Time: 7839.40 |
|Train : Update 368000. Negative ELBO : 146.862, BCE: 132.595, KLD_latent: 4.743, KLD_decoder_params_norm: 9.523, Time: 7860.73 |
|Train : Update 369000. Negative ELBO : 147.062, BCE: 132.917, KLD_latent: 4.650, KLD_decoder_params_norm: 9.496, Time: 7882.07 |
|Train : Update 370000. Negative ELBO : 147.732, BCE: 133.485, KLD_latent: 4.778, KLD_decoder_params_norm: 9.469, Time: 7903.40 |
|Train : Update 371000. Negative ELBO : 145.891, BCE: 131.534, KLD_latent: 4.916, KLD_decoder_params_norm: 9.442, Time: 7924.73 |
|Train : Update 372000. Negative ELBO : 145.398, BCE: 131.083, KLD_latent: 4.901, KLD_decoder_params_norm: 9.414, Time: 7946.07 |
|Train : Update 373000. Negative ELBO : 144.815, BCE: 130.653, KLD_latent: 4.774, KLD_decoder_params_norm: 9.388, Time: 7967.39 |
|Train : Update 374000. Negative ELBO : 145.346, BCE: 131.413, KLD_latent: 4.571, KLD_decoder_params_norm: 9.362, Time: 7988.70 |
|Train : Update 375000. Negative ELBO : 146.916, BCE: 132.974, KLD_latent: 4.607, KLD_decoder_params_norm: 9.335, Time: 8010.00 |
|Train : Update 376000. Negative ELBO : 146.215, BCE: 132.168, KLD_latent: 4.738, KLD_decoder_params_norm: 9.308, Time: 8031.32 |
|Train : Update 377000. Negative ELBO : 148.611, BCE: 134.561, KLD_latent: 4.767, KLD_decoder_params_norm: 9.283, Time: 8052.65 |
|Train : Update 378000. Negative ELBO : 144.471, BCE: 130.351, KLD_latent: 4.862, KLD_decoder_params_norm: 9.257, Time: 8073.98 |
|Train : Update 379000. Negative ELBO : 147.366, BCE: 133.241, KLD_latent: 4.893, KLD_decoder_params_norm: 9.232, Time: 8095.31 |
|Train : Update 380000. Negative ELBO : 145.279, BCE: 131.085, KLD_latent: 4.987, KLD_decoder_params_norm: 9.207, Time: 8116.65 |
|Train : Update 381000. Negative ELBO : 147.836, BCE: 133.794, KLD_latent: 4.860, KLD_decoder_params_norm: 9.182, Time: 8137.98 |
|Train : Update 382000. Negative ELBO : 145.198, BCE: 131.288, KLD_latent: 4.752, KLD_decoder_params_norm: 9.158, Time: 8159.31 |
|Train : Update 383000. Negative ELBO : 147.512, BCE: 133.537, KLD_latent: 4.842, KLD_decoder_params_norm: 9.133, Time: 8180.64 |
|Train : Update 384000. Negative ELBO : 143.558, BCE: 129.857, KLD_latent: 4.591, KLD_decoder_params_norm: 9.110, Time: 8201.97 |
|Train : Update 385000. Negative ELBO : 147.895, BCE: 134.253, KLD_latent: 4.557, KLD_decoder_params_norm: 9.085, Time: 8223.31 |
|Train : Update 386000. Negative ELBO : 145.676, BCE: 131.903, KLD_latent: 4.711, KLD_decoder_params_norm: 9.062, Time: 8244.64 |
|Train : Update 387000. Negative ELBO : 146.129, BCE: 132.433, KLD_latent: 4.658, KLD_decoder_params_norm: 9.039, Time: 8265.99 |
|Train : Update 388000. Negative ELBO : 148.813, BCE: 135.029, KLD_latent: 4.768, KLD_decoder_params_norm: 9.016, Time: 8287.38 |
|Train : Update 389000. Negative ELBO : 146.279, BCE: 132.536, KLD_latent: 4.750, KLD_decoder_params_norm: 8.993, Time: 8308.81 |
|Train : Update 390000. Negative ELBO : 147.560, BCE: 133.840, KLD_latent: 4.750, KLD_decoder_params_norm: 8.970, Time: 8330.17 |
|Train : Update 391000. Negative ELBO : 145.090, BCE: 131.363, KLD_latent: 4.779, KLD_decoder_params_norm: 8.948, Time: 8351.51 |
|Train : Update 392000. Negative ELBO : 145.786, BCE: 132.065, KLD_latent: 4.795, KLD_decoder_params_norm: 8.926, Time: 8372.85 |
|Train : Update 393000. Negative ELBO : 147.234, BCE: 133.463, KLD_latent: 4.867, KLD_decoder_params_norm: 8.904, Time: 8394.19 |
|Train : Update 394000. Negative ELBO : 146.123, BCE: 132.509, KLD_latent: 4.731, KLD_decoder_params_norm: 8.882, Time: 8415.55 |
|Train : Update 395000. Negative ELBO : 144.655, BCE: 131.102, KLD_latent: 4.693, KLD_decoder_params_norm: 8.860, Time: 8436.90 |
|Train : Update 396000. Negative ELBO : 148.005, BCE: 134.351, KLD_latent: 4.814, KLD_decoder_params_norm: 8.840, Time: 8458.26 |
|Train : Update 397000. Negative ELBO : 146.253, BCE: 132.579, KLD_latent: 4.856, KLD_decoder_params_norm: 8.818, Time: 8479.61 |
|Train : Update 398000. Negative ELBO : 143.569, BCE: 130.032, KLD_latent: 4.740, KLD_decoder_params_norm: 8.797, Time: 8500.97 |
|Train : Update 399000. Negative ELBO : 146.025, BCE: 132.552, KLD_latent: 4.697, KLD_decoder_params_norm: 8.777, Time: 8522.33 |
|Train : Update 400000. Negative ELBO : 146.396, BCE: 132.880, KLD_latent: 4.760, KLD_decoder_params_norm: 8.755, Time: 8543.71 |
Saving model: Gag_p17_theta_0.01_26sept25
